::1 - - [18/Apr/2026 05:46:01] "GET /js/modules.js HTTP/1.1" 200 -
::1 - - [18/Apr/2026 05:46:26] "GET /js/app.js HTTP/1.1" 200 -
::1 - - [18/Apr/2026 05:46:47] "GET /index.html HTTP/1.1" 304 -
::1 - - [18/Apr/2026 05:46:48] "GET /css/styles.css HTTP/1.1" 304 -
::1 - - [18/Apr/2026 05:46:48] "GET /js/progress.js HTTP/1.1" 304 -
::1 - - [18/Apr/2026 05:46:48] "GET /js/playground.js HTTP/1.1" 304 -
::1 - - [18/Apr/2026 05:46:48] "GET /js/components.js HTTP/1.1" 304 -
::1 - - [18/Apr/2026 05:46:48] "GET /js/app.js HTTP/1.1" 304 -
::1 - - [18/Apr/2026 05:46:48] "GET /js/auth.js HTTP/1.1" 304 -
::1 - - [18/Apr/2026 05:46:48] code 404, message File not found
::1 - - [18/Apr/2026 05:46:48] "GET /stackframe.js HTTP/1.1" 404 -
::1 - - [18/Apr/2026 05:48:42] "GET /js/progress.js HTTP/1.1" 304 -
::1 - - [18/Apr/2026 05:48:42] "GET /js/auth.js HTTP/1.1" 200 -
::1 - - [18/Apr/2026 05:48:42] "GET /js/questions.js HTTP/1.1" 304 -
::1 - - [18/Apr/2026 05:48:42] "GET /js/tasks.js HTTP/1.1" 304 -
::1 - - [18/Apr/2026 05:48:42] "GET /js/modules.js HTTP/1.1" 304 -
::1 - - [18/Apr/2026 05:48:42] "GET /js/components.js HTTP/1.1" 304 -
::1 - - [18/Apr/2026 05:48:42] "GET /js/playground.js HTTP/1.1" 304 -
::1 - - [18/Apr/2026 05:48:42] "GET /js/app.js HTTP/1.1" 200 -
::1 - - [18/Apr/2026 05:48:42] code 404, message File not found
::1 - - [18/Apr/2026 05:48:42] "GET /stackframe.js HTTP/1.1" 404 -
::1 - - [18/Apr/2026 05:56:48] "GET / HTTP/1.1" 304 -
::1 - - [18/Apr/2026 05:56:49] "GET /css/styles.css HTTP/1.1" 304 -
::1 - - [18/Apr/2026 05:56:49] "GET /js/progress.js HTTP/1.1" 304 -
::1 - - [18/Apr/2026 05:56:49] "GET /js/auth.js HTTP/1.1" 304 -
::1 - - [18/Apr/2026 05:56:49] "GET /js/app.js HTTP/1.1" 304 -
::1 - - [18/Apr/2026 05:56:49] code 404, message File not found
::1 - - [18/Apr/2026 05:56:49] "GET /stackframe.js HTTP/1.1" 404 -
::1 - - [18/Apr/2026 05:57:29] "GET /?cache_bust=1 HTTP/1.1" 200 -
::1 - - [18/Apr/2026 05:57:29] code 404, message File not found
::1 - - [18/Apr/2026 05:57:29] "GET /stackframe.js HTTP/1.1" 404 -
::1 - - [18/Apr/2026 05:57:59] code 404, message File not found
::1 - - [18/Apr/2026 05:57:59] "GET /stackframe.js HTTP/1.1" 404 -
::1 - - [18/Apr/2026 06:00:25] "GET / HTTP/1.1" 200 -
::1 - - [18/Apr/2026 06:00:25] "GET /js/auth.js?v=2 HTTP/1.1" 200 -
::1 - - [18/Apr/2026 06:00:25] "GET /js/progress.js?v=2 HTTP/1.1" 200 -
::1 - - [18/Apr/2026 06:00:25] "GET /js/questions.js?v=2 HTTP/1.1" 200 -
::1 - - [18/Apr/2026 06:00:25] "GET /js/tasks.js?v=2 HTTP/1.1" 200 -
::1 - - [18/Apr/2026 06:00:25] "GET /js/components.js?v=2 HTTP/1.1" 200 -
::1 - - [18/Apr/2026 06:00:25] "GET /js/modules.js?v=2 HTTP/1.1" 200 -
::1 - - [18/Apr/2026 06:00:25] "GET /js/playground.js?v=2 HTTP/1.1" 200 -
::1 - - [18/Apr/2026 06:00:25] "GET /js/app.js?v=2 HTTP/1.1" 200 -
::1 - - [18/Apr/2026 06:00:25] code 404, message File not found
::1 - - [18/Apr/2026 06:00:25] "GET /stackframe.js HTTP/1.1" 404 -
::1 - - [18/Apr/2026 06:02:58] "GET / HTTP/1.1" 304 -
::1 - - [18/Apr/2026 06:02:58] "GET /css/styles.css HTTP/1.1" 304 -
::1 - - [18/Apr/2026 06:02:58] "GET /js/modules.js?v=2 HTTP/1.1" 304 -
::1 - - [18/Apr/2026 06:02:58] code 404, message File not found
::1 - - [18/Apr/2026 06:02:58] "GET /stackframe.js HTTP/1.1" 404 -
::1 - - [18/Apr/2026 06:17:40] "GET / HTTP/1.1" 304 -
::1 - - [18/Apr/2026 06:17:41] "GET /css/styles.css HTTP/1.1" 304 -
::1 - - [18/Apr/2026 06:17:41] "GET /js/auth.js?v=2 HTTP/1.1" 304 -
::1 - - [18/Apr/2026 06:17:41] "GET /js/progress.js?v=2 HTTP/1.1" 304 -
::1 - - [18/Apr/2026 06:17:41] "GET /js/modules.js?v=2 HTTP/1.1" 304 -
::1 - - [18/Apr/2026 06:17:41] "GET /js/app.js?v=2 HTTP/1.1" 304 -
::1 - - [18/Apr/2026 06:17:41] code 404, message File not found
::1 - - [18/Apr/2026 06:17:41] "GET /stackframe.js HTTP/1.1" 404 -
::1 - - [18/Apr/2026 06:19:01] "GET /js/tasks.js?v=2 HTTP/1.1" 200 -
::1 - - [18/Apr/2026 06:19:01] "GET /js/questions.js?v=2 HTTP/1.1" 304 -
::1 - - [18/Apr/2026 06:19:01] code 404, message File not found
::1 - - [18/Apr/2026 06:19:01] "GET /stackframe.js HTTP/1.1" 404 -
